Line 21: Class MSComctlLib.ListView of control ListView1 was not a loaded control class.
Line 74: Class MSComctlLib.ListView of control ListView2 was not a loaded control class.
Line 27: The property name _ExtentX in ListView1 is invalid.
Line 28: The property name _ExtentY in ListView1 is invalid.
Line 29: The property name View in ListView1 is invalid.
Line 30: The property name LabelEdit in ListView1 is invalid.
Line 31: The property name LabelWrap in ListView1 is invalid.
Line 32: The property name HideSelection in ListView1 is invalid.
Line 33: The property name FullRowSelect in ListView1 is invalid.
Line 34: The property name _Version in ListView1 is invalid.
Line 39: The property name NumItems in ListView1 is invalid.
Line 43: The property name ColumnHeader(1) in ListView1 is invalid.
Line 48: The property name ColumnHeader(2) in ListView1 is invalid.
Line 52: The property name ColumnHeader(3) in ListView1 is invalid.
Line 56: The property name ColumnHeader(4) in ListView1 is invalid.
Line 80: The property name _ExtentX in ListView2 is invalid.
Line 81: The property name _ExtentY in ListView2 is invalid.
Line 82: The property name View in ListView2 is invalid.
Line 83: The property name LabelEdit in ListView2 is invalid.
Line 84: The property name LabelWrap in ListView2 is invalid.
Line 85: The property name HideSelection in ListView2 is invalid.
Line 86: The property name AllowReorder in ListView2 is invalid.
Line 87: The property name FullRowSelect in ListView2 is invalid.
Line 88: The property name _Version in ListView2 is invalid.
Line 93: The property name NumItems in ListView2 is invalid.
Line 97: The property name ColumnHeader(1) in ListView2 is invalid.
Line 102: The property name ColumnHeader(2) in ListView2 is invalid.
Line 106: The property name ColumnHeader(3) in ListView2 is invalid.
Line 110: The property name ColumnHeader(4) in ListView2 is invalid.
