Line 383: Class MSComctlLib.ListView of control lstMedixGainLoss was not a loaded control class.
Line 389: The property name _ExtentX in lstMedixGainLoss is invalid.
Line 390: The property name _ExtentY in lstMedixGainLoss is invalid.
Line 391: The property name View in lstMedixGainLoss is invalid.
Line 392: The property name LabelEdit in lstMedixGainLoss is invalid.
Line 393: The property name Sorted in lstMedixGainLoss is invalid.
Line 394: The property name MultiSelect in lstMedixGainLoss is invalid.
Line 395: The property name LabelWrap in lstMedixGainLoss is invalid.
Line 396: The property name HideSelection in lstMedixGainLoss is invalid.
Line 397: The property name AllowReorder in lstMedixGainLoss is invalid.
Line 398: The property name Checkboxes in lstMedixGainLoss is invalid.
Line 399: The property name FullRowSelect in lstMedixGainLoss is invalid.
Line 400: The property name GridLines in lstMedixGainLoss is invalid.
Line 401: The property name _Version in lstMedixGainLoss is invalid.
Line 406: The property name NumItems in lstMedixGainLoss is invalid.
Line 410: The property name ColumnHeader(1) in lstMedixGainLoss is invalid.
Line 416: The property name ColumnHeader(2) in lstMedixGainLoss is invalid.
Line 421: The property name ColumnHeader(3) in lstMedixGainLoss is invalid.
Line 426: The property name ColumnHeader(4) in lstMedixGainLoss is invalid.
Line 431: The property name ColumnHeader(5) in lstMedixGainLoss is invalid.
Line 437: The property name ColumnHeader(6) in lstMedixGainLoss is invalid.
Line 443: The property name ColumnHeader(7) in lstMedixGainLoss is invalid.
Line 448: The property name ColumnHeader(8) in lstMedixGainLoss is invalid.
Line 453: The property name ColumnHeader(9) in lstMedixGainLoss is invalid.
Line 458: The property name ColumnHeader(10) in lstMedixGainLoss is invalid.
Line 463: The property name ColumnHeader(11) in lstMedixGainLoss is invalid.
Line 468: The property name ColumnHeader(12) in lstMedixGainLoss is invalid.
Line 473: The property name ColumnHeader(13) in lstMedixGainLoss is invalid.
Line 478: The property name ColumnHeader(14) in lstMedixGainLoss is invalid.
Line 483: The property name ColumnHeader(15) in lstMedixGainLoss is invalid.
