Line 905: Class MSMask.MaskEdBox of control TxtInvDate2 was not a loaded control class.
Line 956: Class MSMask.MaskEdBox of control TxtInvDate1 was not a loaded control class.
Line 1009: Class MSMask.MaskEdBox of control TxtBordxDate2 was not a loaded control class.
Line 1038: Class MSMask.MaskEdBox of control TxtBordxDate1 was not a loaded control class.
Line 1100: Class MSMask.MaskEdBox of control TxtDOV1 was not a loaded control class.
Line 1113: Class MSMask.MaskEdBox of control TxtDOR1 was not a loaded control class.
Line 1126: Class MSMask.MaskEdBox of control txtDOW1 was not a loaded control class.
Line 1139: Class MSMask.MaskEdBox of control TxtDOV2 was not a loaded control class.
Line 1152: Class MSMask.MaskEdBox of control TxtDOR2 was not a loaded control class.
Line 1165: Class MSMask.MaskEdBox of control txtDOW2 was not a loaded control class.
Line 1186: Class MSMask.MaskEdBox of control TxtPayEffDate2 was not a loaded control class.
Line 1199: Class MSMask.MaskEdBox of control TxtPayExpDate2 was not a loaded control class.
Line 1212: Class MSMask.MaskEdBox of control txtDateJoin2 was not a loaded control class.
Line 1225: Class MSMask.MaskEdBox of control txtDOB2 was not a loaded control class.
Line 1287: Class MSMask.MaskEdBox of control TxtPayEffDate1 was not a loaded control class.
Line 1300: Class MSMask.MaskEdBox of control TxtPayExpDate1 was not a loaded control class.
Line 1313: Class MSMask.MaskEdBox of control txtDateJoin1 was not a loaded control class.
Line 1326: Class MSMask.MaskEdBox of control txtDOB1 was not a loaded control class.
Line 2309: Class MSComctlLib.ListView of control ListView3 was not a loaded control class.
Line 2525: Class MSComctlLib.ListView of control ListView2 was not a loaded control class.
Line 911: The property name _ExtentX in TxtInvDate2 is invalid.
Line 912: The property name _ExtentY in TxtInvDate2 is invalid.
Line 913: The property name _Version in TxtInvDate2 is invalid.
Line 914: The property name MaxLength in TxtInvDate2 is invalid.
Line 915: The property name Mask in TxtInvDate2 is invalid.
Line 916: The property name PromptChar in TxtInvDate2 is invalid.
Line 962: The property name _ExtentX in TxtInvDate1 is invalid.
Line 963: The property name _ExtentY in TxtInvDate1 is invalid.
Line 964: The property name _Version in TxtInvDate1 is invalid.
Line 965: The property name MaxLength in TxtInvDate1 is invalid.
Line 966: The property name Mask in TxtInvDate1 is invalid.
Line 967: The property name PromptChar in TxtInvDate1 is invalid.
Line 1015: The property name _ExtentX in TxtBordxDate2 is invalid.
Line 1016: The property name _ExtentY in TxtBordxDate2 is invalid.
Line 1017: The property name _Version in TxtBordxDate2 is invalid.
Line 1018: The property name MaxLength in TxtBordxDate2 is invalid.
Line 1019: The property name Mask in TxtBordxDate2 is invalid.
Line 1020: The property name PromptChar in TxtBordxDate2 is invalid.
Line 1044: The property name _ExtentX in TxtBordxDate1 is invalid.
Line 1045: The property name _ExtentY in TxtBordxDate1 is invalid.
Line 1046: The property name _Version in TxtBordxDate1 is invalid.
Line 1047: The property name MaxLength in TxtBordxDate1 is invalid.
Line 1048: The property name Mask in TxtBordxDate1 is invalid.
Line 1049: The property name PromptChar in TxtBordxDate1 is invalid.
Line 1106: The property name _ExtentX in TxtDOV1 is invalid.
Line 1107: The property name _ExtentY in TxtDOV1 is invalid.
Line 1108: The property name _Version in TxtDOV1 is invalid.
Line 1109: The property name MaxLength in TxtDOV1 is invalid.
Line 1110: The property name Mask in TxtDOV1 is invalid.
Line 1111: The property name PromptChar in TxtDOV1 is invalid.
Line 1119: The property name _ExtentX in TxtDOR1 is invalid.
Line 1120: The property name _ExtentY in TxtDOR1 is invalid.
Line 1121: The property name _Version in TxtDOR1 is invalid.
Line 1122: The property name MaxLength in TxtDOR1 is invalid.
Line 1123: The property name Mask in TxtDOR1 is invalid.
Line 1124: The property name PromptChar in TxtDOR1 is invalid.
Line 1132: The property name _ExtentX in txtDOW1 is invalid.
Line 1133: The property name _ExtentY in txtDOW1 is invalid.
Line 1134: The property name _Version in txtDOW1 is invalid.
Line 1135: The property name MaxLength in txtDOW1 is invalid.
Line 1136: The property name Mask in txtDOW1 is invalid.
Line 1137: The property name PromptChar in txtDOW1 is invalid.
Line 1145: The property name _ExtentX in TxtDOV2 is invalid.
Line 1146: The property name _ExtentY in TxtDOV2 is invalid.
Line 1147: The property name _Version in TxtDOV2 is invalid.
Line 1148: The property name MaxLength in TxtDOV2 is invalid.
Line 1149: The property name Mask in TxtDOV2 is invalid.
Line 1150: The property name PromptChar in TxtDOV2 is invalid.
Line 1158: The property name _ExtentX in TxtDOR2 is invalid.
Line 1159: The property name _ExtentY in TxtDOR2 is invalid.
Line 1160: The property name _Version in TxtDOR2 is invalid.
Line 1161: The property name MaxLength in TxtDOR2 is invalid.
Line 1162: The property name Mask in TxtDOR2 is invalid.
Line 1163: The property name PromptChar in TxtDOR2 is invalid.
Line 1171: The property name _ExtentX in txtDOW2 is invalid.
Line 1172: The property name _ExtentY in txtDOW2 is invalid.
Line 1173: The property name _Version in txtDOW2 is invalid.
Line 1174: The property name MaxLength in txtDOW2 is invalid.
Line 1175: The property name Mask in txtDOW2 is invalid.
Line 1176: The property name PromptChar in txtDOW2 is invalid.
Line 1192: The property name _ExtentX in TxtPayEffDate2 is invalid.
Line 1193: The property name _ExtentY in TxtPayEffDate2 is invalid.
Line 1194: The property name _Version in TxtPayEffDate2 is invalid.
Line 1195: The property name MaxLength in TxtPayEffDate2 is invalid.
Line 1196: The property name Mask in TxtPayEffDate2 is invalid.
Line 1197: The property name PromptChar in TxtPayEffDate2 is invalid.
Line 1205: The property name _ExtentX in TxtPayExpDate2 is invalid.
Line 1206: The property name _ExtentY in TxtPayExpDate2 is invalid.
Line 1207: The property name _Version in TxtPayExpDate2 is invalid.
Line 1208: The property name MaxLength in TxtPayExpDate2 is invalid.
Line 1209: The property name Mask in TxtPayExpDate2 is invalid.
Line 1210: The property name PromptChar in TxtPayExpDate2 is invalid.
Line 1218: The property name _ExtentX in txtDateJoin2 is invalid.
Line 1219: The property name _ExtentY in txtDateJoin2 is invalid.
Line 1220: The property name _Version in txtDateJoin2 is invalid.
Line 1221: The property name MaxLength in txtDateJoin2 is invalid.
Line 1222: The property name Mask in txtDateJoin2 is invalid.
Line 1223: The property name PromptChar in txtDateJoin2 is invalid.
Line 1231: The property name _ExtentX in txtDOB2 is invalid.
Line 1232: The property name _ExtentY in txtDOB2 is invalid.
Line 1233: The property name _Version in txtDOB2 is invalid.
Line 1234: The property name MaxLength in txtDOB2 is invalid.
Line 1235: The property name Mask in txtDOB2 is invalid.
Line 1236: The property name PromptChar in txtDOB2 is invalid.
Line 1293: The property name _ExtentX in TxtPayEffDate1 is invalid.
Line 1294: The property name _ExtentY in TxtPayEffDate1 is invalid.
Line 1295: The property name _Version in TxtPayEffDate1 is invalid.
Line 1296: The property name MaxLength in TxtPayEffDate1 is invalid.
Line 1297: The property name Mask in TxtPayEffDate1 is invalid.
Line 1298: The property name PromptChar in TxtPayEffDate1 is invalid.
Line 1306: The property name _ExtentX in TxtPayExpDate1 is invalid.
Line 1307: The property name _ExtentY in TxtPayExpDate1 is invalid.
Line 1308: The property name _Version in TxtPayExpDate1 is invalid.
Line 1309: The property name MaxLength in TxtPayExpDate1 is invalid.
Line 1310: The property name Mask in TxtPayExpDate1 is invalid.
Line 1311: The property name PromptChar in TxtPayExpDate1 is invalid.
Line 1319: The property name _ExtentX in txtDateJoin1 is invalid.
Line 1320: The property name _ExtentY in txtDateJoin1 is invalid.
Line 1321: The property name _Version in txtDateJoin1 is invalid.
Line 1322: The property name MaxLength in txtDateJoin1 is invalid.
Line 1323: The property name Mask in txtDateJoin1 is invalid.
Line 1324: The property name PromptChar in txtDateJoin1 is invalid.
Line 1332: The property name _ExtentX in txtDOB1 is invalid.
Line 1333: The property name _ExtentY in txtDOB1 is invalid.
Line 1334: The property name _Version in txtDOB1 is invalid.
Line 1335: The property name MaxLength in txtDOB1 is invalid.
Line 1336: The property name Mask in txtDOB1 is invalid.
Line 1337: The property name PromptChar in txtDOB1 is invalid.
Line 2316: The property name _ExtentX in ListView3 is invalid.
Line 2317: The property name _ExtentY in ListView3 is invalid.
Line 2318: The property name View in ListView3 is invalid.
Line 2319: The property name LabelEdit in ListView3 is invalid.
Line 2320: The property name LabelWrap in ListView3 is invalid.
Line 2321: The property name HideSelection in ListView3 is invalid.
Line 2322: The property name FullRowSelect in ListView3 is invalid.
Line 2323: The property name GridLines in ListView3 is invalid.
Line 2324: The property name _Version in ListView3 is invalid.
Line 2329: The property name NumItems in ListView3 is invalid.
Line 2332: The property name ColumnHeader(1) in ListView3 is invalid.
Line 2336: The property name ColumnHeader(2) in ListView3 is invalid.
Line 2341: The property name ColumnHeader(3) in ListView3 is invalid.
Line 2346: The property name ColumnHeader(4) in ListView3 is invalid.
Line 2350: The property name ColumnHeader(5) in ListView3 is invalid.
Line 2354: The property name ColumnHeader(6) in ListView3 is invalid.
Line 2358: The property name ColumnHeader(7) in ListView3 is invalid.
Line 2362: The property name ColumnHeader(8) in ListView3 is invalid.
Line 2366: The property name ColumnHeader(9) in ListView3 is invalid.
Line 2370: The property name ColumnHeader(10) in ListView3 is invalid.
Line 2374: The property name ColumnHeader(11) in ListView3 is invalid.
Line 2378: The property name ColumnHeader(12) in ListView3 is invalid.
Line 2382: The property name ColumnHeader(13) in ListView3 is invalid.
Line 2386: The property name ColumnHeader(14) in ListView3 is invalid.
Line 2390: The property name ColumnHeader(15) in ListView3 is invalid.
Line 2394: The property name ColumnHeader(16) in ListView3 is invalid.
Line 2398: The property name ColumnHeader(17) in ListView3 is invalid.
Line 2402: The property name ColumnHeader(18) in ListView3 is invalid.
Line 2406: The property name ColumnHeader(19) in ListView3 is invalid.
Line 2410: The property name ColumnHeader(20) in ListView3 is invalid.
Line 2414: The property name ColumnHeader(21) in ListView3 is invalid.
Line 2418: The property name ColumnHeader(22) in ListView3 is invalid.
Line 2422: The property name ColumnHeader(23) in ListView3 is invalid.
Line 2426: The property name ColumnHeader(24) in ListView3 is invalid.
Line 2430: The property name ColumnHeader(25) in ListView3 is invalid.
Line 2434: The property name ColumnHeader(26) in ListView3 is invalid.
Line 2438: The property name ColumnHeader(27) in ListView3 is invalid.
Line 2442: The property name ColumnHeader(28) in ListView3 is invalid.
Line 2446: The property name ColumnHeader(29) in ListView3 is invalid.
Line 2450: The property name ColumnHeader(30) in ListView3 is invalid.
Line 2454: The property name ColumnHeader(31) in ListView3 is invalid.
Line 2458: The property name ColumnHeader(32) in ListView3 is invalid.
Line 2531: The property name _ExtentX in ListView2 is invalid.
Line 2532: The property name _ExtentY in ListView2 is invalid.
Line 2533: The property name View in ListView2 is invalid.
Line 2534: The property name LabelEdit in ListView2 is invalid.
Line 2535: The property name LabelWrap in ListView2 is invalid.
Line 2536: The property name HideSelection in ListView2 is invalid.
Line 2537: The property name AllowReorder in ListView2 is invalid.
Line 2538: The property name FullRowSelect in ListView2 is invalid.
Line 2539: The property name GridLines in ListView2 is invalid.
Line 2540: The property name _Version in ListView2 is invalid.
Line 2545: The property name NumItems in ListView2 is invalid.
Line 2548: The property name ColumnHeader(1) in ListView2 is invalid.
Line 2552: The property name ColumnHeader(2) in ListView2 is invalid.
Line 2557: The property name ColumnHeader(3) in ListView2 is invalid.
Line 2562: The property name ColumnHeader(4) in ListView2 is invalid.
Line 2567: The property name ColumnHeader(5) in ListView2 is invalid.
Line 2572: The property name ColumnHeader(6) in ListView2 is invalid.
Line 2577: The property name ColumnHeader(7) in ListView2 is invalid.
Line 2582: The property name ColumnHeader(8) in ListView2 is invalid.
Line 2586: The property name ColumnHeader(9) in ListView2 is invalid.
Line 2590: The property name ColumnHeader(10) in ListView2 is invalid.
Line 2594: The property name ColumnHeader(11) in ListView2 is invalid.
Line 2598: The property name ColumnHeader(12) in ListView2 is invalid.
Line 2602: The property name ColumnHeader(13) in ListView2 is invalid.
Line 2606: The property name ColumnHeader(14) in ListView2 is invalid.
Line 2610: The property name ColumnHeader(15) in ListView2 is invalid.
Line 2614: The property name ColumnHeader(16) in ListView2 is invalid.
Line 2618: The property name ColumnHeader(17) in ListView2 is invalid.
Line 2622: The property name ColumnHeader(18) in ListView2 is invalid.
Line 2626: The property name ColumnHeader(19) in ListView2 is invalid.
Line 2630: The property name ColumnHeader(20) in ListView2 is invalid.
Line 2634: The property name ColumnHeader(21) in ListView2 is invalid.
Line 2638: The property name ColumnHeader(22) in ListView2 is invalid.
Line 2642: The property name ColumnHeader(23) in ListView2 is invalid.
Line 2646: The property name ColumnHeader(24) in ListView2 is invalid.
Line 2650: The property name ColumnHeader(25) in ListView2 is invalid.
Line 2654: The property name ColumnHeader(26) in ListView2 is invalid.
Line 2658: The property name ColumnHeader(27) in ListView2 is invalid.
Line 2662: The property name ColumnHeader(28) in ListView2 is invalid.
Line 2666: The property name ColumnHeader(29) in ListView2 is invalid.
Line 2670: The property name ColumnHeader(30) in ListView2 is invalid.
Line 2674: The property name ColumnHeader(31) in ListView2 is invalid.
Line 2678: The property name ColumnHeader(32) in ListView2 is invalid.
Line 2682: The property name ColumnHeader(33) in ListView2 is invalid.
Line 2686: The property name ColumnHeader(34) in ListView2 is invalid.
Line 2690: The property name ColumnHeader(35) in ListView2 is invalid.
Line 2694: The property name ColumnHeader(36) in ListView2 is invalid.
Line 2698: The property name ColumnHeader(37) in ListView2 is invalid.
Line 2702: The property name ColumnHeader(38) in ListView2 is invalid.
Line 2706: The property name ColumnHeader(39) in ListView2 is invalid.
Line 2710: The property name ColumnHeader(40) in ListView2 is invalid.
Line 2714: The property name ColumnHeader(41) in ListView2 is invalid.
Line 2718: The property name ColumnHeader(42) in ListView2 is invalid.
Line 2722: The property name ColumnHeader(43) in ListView2 is invalid.
Line 2726: The property name ColumnHeader(44) in ListView2 is invalid.
Line 2730: The property name ColumnHeader(45) in ListView2 is invalid.
Line 2734: The property name ColumnHeader(46) in ListView2 is invalid.
Line 2738: The property name ColumnHeader(47) in ListView2 is invalid.
Line 2742: The property name ColumnHeader(48) in ListView2 is invalid.
Line 2746: The property name ColumnHeader(49) in ListView2 is invalid.
Line 2750: The property name ColumnHeader(50) in ListView2 is invalid.
Line 2754: The property name ColumnHeader(51) in ListView2 is invalid.
Line 2758: The property name ColumnHeader(52) in ListView2 is invalid.
Line 2762: The property name ColumnHeader(53) in ListView2 is invalid.
Line 2766: The property name ColumnHeader(54) in ListView2 is invalid.
Line 2770: The property name ColumnHeader(55) in ListView2 is invalid.
Line 2774: The property name ColumnHeader(56) in ListView2 is invalid.
Line 2778: The property name ColumnHeader(57) in ListView2 is invalid.
Line 2782: The property name ColumnHeader(58) in ListView2 is invalid.
Line 2786: The property name ColumnHeader(59) in ListView2 is invalid.
Line 2790: The property name ColumnHeader(60) in ListView2 is invalid.
Line 2794: The property name ColumnHeader(61) in ListView2 is invalid.
Line 2798: The property name ColumnHeader(62) in ListView2 is invalid.
Line 2802: The property name ColumnHeader(63) in ListView2 is invalid.
